[2026-06-22 10:14:34] INFO - GitLab-to-GHCR Container Migration Tool v1.0.0
[2026-06-22 10:14:34] INFO - Using copy tool: crane
[2026-06-22 10:14:34] INFO - Discovering container images in group: ranjiths-infomagnus-group
[2026-06-22 10:14:36] INFO - Found 5 projects
[2026-06-22 10:14:36] INFO - 
Project: ranjiths-infomagnus-group/dummy_aws_project (1 repositories)
[2026-06-22 10:14:36] INFO -   Repository: ranjiths-infomagnus-group/dummy_aws_project (9 tags)
[2026-06-22 10:14:37] INFO -     [DRY-RUN] registry.gitlab.com/ranjiths-infomagnus-group/dummy_aws_project:0dc768e8 -> ghcr.io/im-sandbox-rushik/ranjiths-infomagnus-group-dummy_aws_project:0dc768e8
[2026-06-22 10:14:38] INFO -     [DRY-RUN] registry.gitlab.com/ranjiths-infomagnus-group/dummy_aws_project:1.0.1 -> ghcr.io/im-sandbox-rushik/ranjiths-infomagnus-group-dummy_aws_project:1.0.1
[2026-06-22 10:14:38] INFO -     [DRY-RUN] registry.gitlab.com/ranjiths-infomagnus-group/dummy_aws_project:1.0.2 -> ghcr.io/im-sandbox-rushik/ranjiths-infomagnus-group-dummy_aws_project:1.0.2
[2026-06-22 10:14:38] INFO -     [DRY-RUN] registry.gitlab.com/ranjiths-infomagnus-group/dummy_aws_project:148e9884 -> ghcr.io/im-sandbox-rushik/ranjiths-infomagnus-group-dummy_aws_project:148e9884
[2026-06-22 10:14:39] INFO -     [DRY-RUN] registry.gitlab.com/ranjiths-infomagnus-group/dummy_aws_project:36c01b5e -> ghcr.io/im-sandbox-rushik/ranjiths-infomagnus-group-dummy_aws_project:36c01b5e
[2026-06-22 10:14:39] INFO -     [DRY-RUN] registry.gitlab.com/ranjiths-infomagnus-group/dummy_aws_project:43824a6b -> ghcr.io/im-sandbox-rushik/ranjiths-infomagnus-group-dummy_aws_project:43824a6b
[2026-06-22 10:14:40] INFO -     [DRY-RUN] registry.gitlab.com/ranjiths-infomagnus-group/dummy_aws_project:56444f99 -> ghcr.io/im-sandbox-rushik/ranjiths-infomagnus-group-dummy_aws_project:56444f99
[2026-06-22 10:14:40] INFO -     [DRY-RUN] registry.gitlab.com/ranjiths-infomagnus-group/dummy_aws_project:ac5efeaf -> ghcr.io/im-sandbox-rushik/ranjiths-infomagnus-group-dummy_aws_project:ac5efeaf
[2026-06-22 10:14:41] INFO -     [DRY-RUN] registry.gitlab.com/ranjiths-infomagnus-group/dummy_aws_project:latest -> ghcr.io/im-sandbox-rushik/ranjiths-infomagnus-group-dummy_aws_project:latest
[2026-06-22 10:14:41] DEBUG -   No container repositories in ranjiths-infomagnus-group/gitlab-game-demo
[2026-06-22 10:14:41] DEBUG -   No container repositories in ranjiths-infomagnus-group/ranjith_demo2
[2026-06-22 10:14:42] DEBUG -   No container repositories in ranjiths-infomagnus-group/ranjith_demo
[2026-06-22 10:14:42] DEBUG -   No container repositories in ranjiths-infomagnus-group/ranjiths-infomagnus-project
[2026-06-22 10:14:42] INFO - 
Report saved to: container_migration_report.json
[2026-06-22 10:14:42] INFO - 
============================================================
[2026-06-22 10:14:42] INFO - CONTAINER MIGRATION SUMMARY
[2026-06-22 10:14:42] INFO - ============================================================
[2026-06-22 10:14:42] INFO -   Tool used:           crane
[2026-06-22 10:14:42] INFO -   Mode:                dry-run
[2026-06-22 10:14:42] INFO -   Repositories found:  1
[2026-06-22 10:14:42] INFO -   Tags found:          9
[2026-06-22 10:14:42] INFO -   Tags migrated:       0
[2026-06-22 10:14:42] INFO -   Tags failed:         0
[2026-06-22 10:14:42] INFO -   Tags skipped:        9
[2026-06-22 10:14:42] INFO - ============================================================
