[2026-06-19 12:37:23] INFO - GitLab-to-GitHub Package Migration Tool v1.0.0
[2026-06-19 12:37:23] INFO - GitLab URL: https://gitlab.com
[2026-06-19 12:37:23] INFO - GitLab Group: ranjiths-infomagnus-group
[2026-06-19 12:37:23] INFO - GitHub Org: im-sandbox-rushik
[2026-06-19 12:37:23] INFO - Working directory: C:\Users\RUSHIK~1\AppData\Local\Temp\gl2gh_pkg_hcr22lys
[2026-06-19 12:37:23] INFO - Starting package migration from GitLab group: ranjiths-infomagnus-group
[2026-06-19 12:37:23] INFO - Mode: LIVE MIGRATION
[2026-06-19 12:37:25] INFO - Found 5 projects in group 'ranjiths-infomagnus-group'
[2026-06-19 12:37:25] INFO - 
Processing project: ranjiths-infomagnus-group/dummy_aws_project -> im-sandbox-rushik/dummy_aws_project
[2026-06-19 12:37:26] INFO -   Found 3 package(s)
[2026-06-19 12:37:26] INFO -   [maven] com/infomagnus/dummy-aws-project@1.0.0 (id=62012050)
[2026-06-19 12:37:29] INFO -     ALREADY EXISTS: dummy-aws-project-1.0.0.jar (409 Conflict)
[2026-06-19 12:37:29] INFO -   [maven] com/infomagnus/dummy-aws-project@1.0.1 (id=62110766)
[2026-06-19 12:37:30] INFO -     ALREADY EXISTS: dummy-aws-project-1.0.1.jar (409 Conflict)
[2026-06-19 12:37:30] INFO -   [maven] com/infomagnus/dummy-aws-project@1.0.2 (id=62114935)
[2026-06-19 12:37:33] INFO -     ALREADY EXISTS: dummy-aws-project-1.0.2.jar (409 Conflict)
[2026-06-19 12:37:34] INFO -     ALREADY EXISTS: dummy-aws-project-1.0.2.pom (409 Conflict)
[2026-06-19 12:37:35] INFO -     ALREADY EXISTS: dummy-aws-project-1.0.2.jar (409 Conflict)
[2026-06-19 12:37:35] INFO - 
Processing project: ranjiths-infomagnus-group/gitlab-game-demo -> im-sandbox-rushik/gitlab-game-demo
[2026-06-19 12:37:36] INFO - 
Processing project: ranjiths-infomagnus-group/ranjith_demo2 -> im-sandbox-rushik/ranjith_demo2
[2026-06-19 12:37:37] INFO -   Found 1 package(s)
[2026-06-19 12:37:37] INFO -   [nuget] RanjithDemoPackage@1.0.0 (id=62420162)
[2026-06-19 12:37:42] INFO -     UPLOADED: ranjithdemopackage.1.0.0.nupkg -> GitHub (201)
[2026-06-19 12:37:42] INFO - 
Processing project: ranjiths-infomagnus-group/ranjith_demo -> im-sandbox-rushik/ranjith_demo
[2026-06-19 12:37:43] INFO -   Found 1 package(s)
[2026-06-19 12:37:43] INFO -   [npm] @ranjiths-infomagnus-group/ranjith-demo-package@1.0.0 (id=62418707)
[2026-06-19 12:37:54] INFO -     UPLOADED: @ranjiths-infomagnus-group/ranjith-demo-package-1.0.0.tgz -> GitHub (201)
[2026-06-19 12:37:54] INFO - 
Processing project: ranjiths-infomagnus-group/ranjiths-infomagnus-project -> im-sandbox-rushik/ranjiths-infomagnus-project
[2026-06-19 12:37:55] INFO - 
Report saved to: C:\Users\RUSHIK~1\AppData\Local\Temp\gl2gh_pkg_hcr22lys\migration_report.json
[2026-06-19 12:37:55] INFO - 
============================================================
[2026-06-19 12:37:55] INFO - MIGRATION SUMMARY
[2026-06-19 12:37:55] INFO - ============================================================
[2026-06-19 12:37:55] INFO -   Packages found:    5
[2026-06-19 12:37:55] INFO -   Packages migrated: 2
[2026-06-19 12:37:55] INFO -   Packages skipped:  3
[2026-06-19 12:37:55] INFO -   Packages failed:   0
[2026-06-19 12:37:55] INFO -   SHA mismatches:    0
[2026-06-19 12:37:55] INFO -   Errors:            0
[2026-06-19 12:37:55] INFO - ============================================================
