[2026-06-17 14:47:40] INFO - GitLab-to-GHCR Container Migration Tool v1.0.0
[2026-06-17 14:47:40] INFO - Using copy tool: crane
[2026-06-17 14:47:40] INFO - Discovering container images in group: ranjiths-infomagnus-group
[2026-06-17 14:47:41] INFO - Found 5 projects
[2026-06-17 14:47:42] INFO - 
Project: ranjiths-infomagnus-group/dummy_aws_project (1 repositories)
[2026-06-17 14:47:42] INFO -   Repository: ranjiths-infomagnus-group/dummy_aws_project (9 tags)
[2026-06-17 14:47:44] INFO -     SKIPPED (already exists): ghcr.io/im-sandbox-rushik/ranjiths-infomagnus-group-dummy_aws_project:0dc768e8
[2026-06-17 14:47:44] INFO -     Existing digest MATCH: sha256:9c43a9c5f2817f393...
[2026-06-17 14:47:47] INFO -     SKIPPED (already exists): ghcr.io/im-sandbox-rushik/ranjiths-infomagnus-group-dummy_aws_project:1.0.1
[2026-06-17 14:47:47] INFO -     Existing digest MATCH: sha256:91979c38a4d6eee6a...
[2026-06-17 14:47:49] INFO -     SKIPPED (already exists): ghcr.io/im-sandbox-rushik/ranjiths-infomagnus-group-dummy_aws_project:1.0.2
[2026-06-17 14:47:49] INFO -     Existing digest MATCH: sha256:3396dbb05bd2f101a...
[2026-06-17 14:47:50] INFO -     SKIPPED (already exists): ghcr.io/im-sandbox-rushik/ranjiths-infomagnus-group-dummy_aws_project:148e9884
[2026-06-17 14:47:50] INFO -     Existing digest MATCH: sha256:425feb5a7a0e45032...
[2026-06-17 14:47:52] INFO -     SKIPPED (already exists): ghcr.io/im-sandbox-rushik/ranjiths-infomagnus-group-dummy_aws_project:36c01b5e
[2026-06-17 14:47:52] INFO -     Existing digest MATCH: sha256:57ae3408a252dffa9...
[2026-06-17 14:47:54] INFO -     SKIPPED (already exists): ghcr.io/im-sandbox-rushik/ranjiths-infomagnus-group-dummy_aws_project:43824a6b
[2026-06-17 14:47:54] INFO -     Existing digest MATCH: sha256:bf33033d9fc9f0026...
[2026-06-17 14:47:56] INFO -     SKIPPED (already exists): ghcr.io/im-sandbox-rushik/ranjiths-infomagnus-group-dummy_aws_project:56444f99
[2026-06-17 14:47:56] INFO -     Existing digest MATCH: sha256:b348ea2df65fc4f83...
[2026-06-17 14:47:58] INFO -     SKIPPED (already exists): ghcr.io/im-sandbox-rushik/ranjiths-infomagnus-group-dummy_aws_project:ac5efeaf
[2026-06-17 14:47:58] INFO -     Existing digest MATCH: sha256:a39359470b08074b9...
[2026-06-17 14:47:59] INFO -     SKIPPED (already exists): ghcr.io/im-sandbox-rushik/ranjiths-infomagnus-group-dummy_aws_project:latest
[2026-06-17 14:47:59] INFO -     Existing digest MATCH: sha256:3396dbb05bd2f101a...
[2026-06-17 14:48:01] INFO - 
Report saved to: container_migration_report.json
[2026-06-17 14:48:01] INFO - 
============================================================
[2026-06-17 14:48:01] INFO - CONTAINER MIGRATION SUMMARY
[2026-06-17 14:48:01] INFO - ============================================================
[2026-06-17 14:48:01] INFO -   Tool used:           crane
[2026-06-17 14:48:01] INFO -   Mode:                live
[2026-06-17 14:48:01] INFO -   Repositories found:  1
[2026-06-17 14:48:01] INFO -   Tags found:          9
[2026-06-17 14:48:01] INFO -   Tags migrated:       0
[2026-06-17 14:48:01] INFO -   Tags failed:         0
[2026-06-17 14:48:01] INFO -   Tags skipped:        9
[2026-06-17 14:48:01] INFO -   Digest matches:      9
[2026-06-17 14:48:01] INFO -   Digest mismatches:   0
[2026-06-17 14:48:01] INFO - ============================================================
